// Jest Snapshot v1, https://goo.gl/fbAQLP

exports[`DashboardHome renders correctly 1`] = `ShallowWrapper {}`;
