// Jest Snapshot v1, https://goo.gl/fbAQLP

exports[`TransactionDetail renders correctly 1`] = `ShallowWrapper {}`;
