// Jest Snapshot v1, https://goo.gl/fbAQLP

exports[`DashboardNav renders correctly 1`] = `ShallowWrapper {}`;
