// Jest Snapshot v1, https://goo.gl/fbAQLP

exports[`CreditCard renders correctly 1`] = `ShallowWrapper {}`;
