// Jest Snapshot v1, https://goo.gl/fbAQLP

exports[`LoadingComponent renders correctly 1`] = `ShallowWrapper {}`;
