// Jest Snapshot v1, https://goo.gl/fbAQLP

exports[`TransactionCard renders correctly 1`] = `ShallowWrapper {}`;
