// Jest Snapshot v1, https://goo.gl/fbAQLP

exports[`CustomerInfo renders correctly 1`] = `ShallowWrapper {}`;
