// Jest Snapshot v1, https://goo.gl/fbAQLP

exports[`ShippingDetail renders correctly 1`] = `ShallowWrapper {}`;
